================================================================
== Design Size Report
================================================================

* C-Synthesis has not completed!

* Total Instructions per Compilation Phase
+---------------+--------------+----------------------------------------------------------------------------------+
| Phase         | Instructions | Description                                                                      |
+---------------+--------------+----------------------------------------------------------------------------------+
| Compile/Link  | 2,323        | After all functions are compiled and linked into a single design                 |
| Unroll/Inline | pending      | After user unroll and inline pragmas are applied                                 |
| Array/Struct  |              | After user array partition and struct aggregate/disaggregate pragmas are applied |
| Performance   |              | After transformations are applied to meet performance pragma targets             |
| HW Transforms |              | After hardware transfomations                                                    |
+---------------+--------------+----------------------------------------------------------------------------------+

* Instructions per Function for each Compilation Phase
+----------------------+-----------------------------+--------------+
| Function             | Location                    | Compile/Link |
+----------------------+-----------------------------+--------------+
| + decode_can_message | can_message_decoder.cpp:113 | 2,323        |
|    compute_hash      | can_message_decoder.cpp:64  |  165         |
+----------------------+-----------------------------+--------------+

* Design Size Message Settings
+---------------------------------------------+--------+------------------------------------------------------------------+
| Message Setting                             | Value  | Description                                                      |
+---------------------------------------------+--------+------------------------------------------------------------------+
| config_compile -design_size_maximum_warning | 100000 | Show a warning when total design instructions exceeds this value |
+---------------------------------------------+--------+------------------------------------------------------------------+


